
> nsdms-next@0.1.0 build
> next build

node.exe : ΓÜá `eslint` 
configuration in next.config.mjs 
is no longer supported. See more 
info here: https://nextjs.org/docs
/app/api-reference/cli/next#next-l
int-options
At line:1 char:1
+ & "C:\Program 
Files\nodejs/node.exe" 
"C:\Program Files\nodejs/node_mo 
...
+ ~~~~~~~~~~~~~~~~~~~~~~~~~~~~~~~~
~~~~~~~~~~~~~~~~~~~~~~~~~~~~~~~~~~
~~~
    + CategoryInfo          : Not 
   Specified: (ΓÜá `eslint` co..  
  .xt-lint-options:String) [],    
 RemoteException
    + FullyQualifiedErrorId : Nat 
   iveCommandError
 
ΓÜá Invalid next.config.mjs 
options detected: 
ΓÜá     Unrecognized key(s) in 
object: 'eslint'
ΓÜá See more info here: https://ne
xtjs.org/docs/messages/invalid-nex
t-config
Γû▓ Next.js 16.2.2 (Turbopack)

ΓÜá The "middleware" file 
convention is deprecated. Please 
use "proxy" instead. Learn more: h
ttps://nextjs.org/docs/messages/mi
ddleware-to-proxy
  Creating an optimized production build ...
Γ£ô Compiled successfully in 4.9s
  Skipping validation of types
  Finished TypeScript config validation in 18ms ...
  Collecting page data using 7 workers ...
  Generating static pages using 7 workers (0/4) ...
  Generating static pages using 7 workers (1/4) 
  Generating static pages using 7 workers (2/4) 
  Generating static pages using 7 workers (3/4) 
Γ£ô Generating static pages using 7 workers (4/4) in 929ms
  Finalizing page optimization ...

Route (app)
Γöî ╞Æ /
Γö£ ╞Æ /_not-found
Γö£ ╞Æ /api/auth/[...nextauth]
Γö£ ╞Æ /organisations
Γöö ╞Æ /organisations/[id]


╞Æ Proxy (Middleware)

╞Æ  (Dynamic)  server-rendered on demand

